[0.346s] Invoking command in '/home/inklyng/g02_prii3_ws/src/g02_prii3_turtlesim': PYTHONPATH=/home/inklyng/g02_prii3_ws/build/g02_prii3_turtlesim/prefix_override:/usr/lib/python3/dist-packages/colcon_core/task/python/colcon_distutils_commands:/home/inklyng/g02_prii3_ws/install/g02_prii3_turtlesim/lib/python3.10/site-packages:${PYTHONPATH} /usr/bin/python3 -W ignore:setup.py install is deprecated -W ignore:easy_install command is deprecated setup.py egg_info --egg-base ../../build/g02_prii3_turtlesim build --build-base /home/inklyng/g02_prii3_ws/build/g02_prii3_turtlesim/build install --record /home/inklyng/g02_prii3_ws/build/g02_prii3_turtlesim/install.log --install-scripts $base/lib/g02_prii3_turtlesim --single-version-externally-managed install_data
[0.472s] running egg_info
[0.472s] creating ../../build/g02_prii3_turtlesim/g02_prii3_turtlesim.egg-info
[0.472s] writing ../../build/g02_prii3_turtlesim/g02_prii3_turtlesim.egg-info/PKG-INFO
[0.472s] writing dependency_links to ../../build/g02_prii3_turtlesim/g02_prii3_turtlesim.egg-info/dependency_links.txt
[0.473s] writing entry points to ../../build/g02_prii3_turtlesim/g02_prii3_turtlesim.egg-info/entry_points.txt
[0.473s] writing requirements to ../../build/g02_prii3_turtlesim/g02_prii3_turtlesim.egg-info/requires.txt
[0.473s] writing top-level names to ../../build/g02_prii3_turtlesim/g02_prii3_turtlesim.egg-info/top_level.txt
[0.473s] writing manifest file '../../build/g02_prii3_turtlesim/g02_prii3_turtlesim.egg-info/SOURCES.txt'
[0.473s] reading manifest file '../../build/g02_prii3_turtlesim/g02_prii3_turtlesim.egg-info/SOURCES.txt'
[0.474s] writing manifest file '../../build/g02_prii3_turtlesim/g02_prii3_turtlesim.egg-info/SOURCES.txt'
[0.474s] running build
[0.474s] running build_py
[0.474s] creating /home/inklyng/g02_prii3_ws/build/g02_prii3_turtlesim/build
[0.474s] creating /home/inklyng/g02_prii3_ws/build/g02_prii3_turtlesim/build/lib
[0.474s] creating /home/inklyng/g02_prii3_ws/build/g02_prii3_turtlesim/build/lib/g02_prii3_turtlesim
[0.474s] copying g02_prii3_turtlesim/dibujar_2.py -> /home/inklyng/g02_prii3_ws/build/g02_prii3_turtlesim/build/lib/g02_prii3_turtlesim
[0.474s] copying g02_prii3_turtlesim/__init__.py -> /home/inklyng/g02_prii3_ws/build/g02_prii3_turtlesim/build/lib/g02_prii3_turtlesim
[0.474s] running install
[0.475s] running install_lib
[0.475s] creating /home/inklyng/g02_prii3_ws/install/g02_prii3_turtlesim/lib/python3.10/site-packages/g02_prii3_turtlesim
[0.475s] copying /home/inklyng/g02_prii3_ws/build/g02_prii3_turtlesim/build/lib/g02_prii3_turtlesim/dibujar_2.py -> /home/inklyng/g02_prii3_ws/install/g02_prii3_turtlesim/lib/python3.10/site-packages/g02_prii3_turtlesim
[0.475s] copying /home/inklyng/g02_prii3_ws/build/g02_prii3_turtlesim/build/lib/g02_prii3_turtlesim/__init__.py -> /home/inklyng/g02_prii3_ws/install/g02_prii3_turtlesim/lib/python3.10/site-packages/g02_prii3_turtlesim
[0.475s] byte-compiling /home/inklyng/g02_prii3_ws/install/g02_prii3_turtlesim/lib/python3.10/site-packages/g02_prii3_turtlesim/dibujar_2.py to dibujar_2.cpython-310.pyc
[0.476s] byte-compiling /home/inklyng/g02_prii3_ws/install/g02_prii3_turtlesim/lib/python3.10/site-packages/g02_prii3_turtlesim/__init__.py to __init__.cpython-310.pyc
[0.476s] running install_data
[0.476s] creating /home/inklyng/g02_prii3_ws/install/g02_prii3_turtlesim/share/ament_index
[0.476s] creating /home/inklyng/g02_prii3_ws/install/g02_prii3_turtlesim/share/ament_index/resource_index
[0.476s] creating /home/inklyng/g02_prii3_ws/install/g02_prii3_turtlesim/share/ament_index/resource_index/packages
[0.476s] copying resource/g02_prii3_turtlesim -> /home/inklyng/g02_prii3_ws/install/g02_prii3_turtlesim/share/ament_index/resource_index/packages
[0.476s] copying package.xml -> /home/inklyng/g02_prii3_ws/install/g02_prii3_turtlesim/share/g02_prii3_turtlesim
[0.476s] creating /home/inklyng/g02_prii3_ws/install/g02_prii3_turtlesim/share/g02_prii3_turtlesim/launch
[0.476s] copying launch/dibujar_2.launch.py -> /home/inklyng/g02_prii3_ws/install/g02_prii3_turtlesim/share/g02_prii3_turtlesim/launch
[0.476s] running install_egg_info
[0.478s] Copying ../../build/g02_prii3_turtlesim/g02_prii3_turtlesim.egg-info to /home/inklyng/g02_prii3_ws/install/g02_prii3_turtlesim/lib/python3.10/site-packages/g02_prii3_turtlesim-0.0.0-py3.10.egg-info
[0.478s] running install_scripts
[0.490s] Installing dibujar_2 script to /home/inklyng/g02_prii3_ws/install/g02_prii3_turtlesim/lib/g02_prii3_turtlesim
[0.491s] writing list of installed files to '/home/inklyng/g02_prii3_ws/build/g02_prii3_turtlesim/install.log'
[0.505s] Invoked command in '/home/inklyng/g02_prii3_ws/src/g02_prii3_turtlesim' returned '0': PYTHONPATH=/home/inklyng/g02_prii3_ws/build/g02_prii3_turtlesim/prefix_override:/usr/lib/python3/dist-packages/colcon_core/task/python/colcon_distutils_commands:/home/inklyng/g02_prii3_ws/install/g02_prii3_turtlesim/lib/python3.10/site-packages:${PYTHONPATH} /usr/bin/python3 -W ignore:setup.py install is deprecated -W ignore:easy_install command is deprecated setup.py egg_info --egg-base ../../build/g02_prii3_turtlesim build --build-base /home/inklyng/g02_prii3_ws/build/g02_prii3_turtlesim/build install --record /home/inklyng/g02_prii3_ws/build/g02_prii3_turtlesim/install.log --install-scripts $base/lib/g02_prii3_turtlesim --single-version-externally-managed install_data
